[themesdesign.in/readxon/layouts/index-6.html]
[backblue.gif]
[fade.gif]
[index.html]
[themesdesign.in/readxon/layouts/images/favicon.ico]
[themesdesign.in/readxon/layouts/css/magnific-popup.css]
[themesdesign.in/readxon/layouts/css/bootstrap.min.css]
[themesdesign.in/readxon/layouts/css/materialdesignicons.min.css]
[themesdesign.in/readxon/layouts/css/Pe-icon-7-stroke.css]
[themesdesign.in/readxon/layouts/css/owl.carousel.css]
[themesdesign.in/readxon/layouts/css/owl.theme.css]
[themesdesign.in/readxon/layouts/css/owl.transitions.css]
[themesdesign.in/readxon/layouts/css/style.css]
[themesdesign.in/readxon/layouts/index-1.html]
[themesdesign.in/readxon/layouts/images/logo-light.png]
[themesdesign.in/readxon/layouts/images/logo-dark.png]
[themesdesign.in/readxon/layouts/images/features/img-1.png]
[themesdesign.in/readxon/layouts/images/features/img-2.png]
[themesdesign.in/readxon/layouts/images/user/img-1.jpg]
[themesdesign.in/readxon/layouts/images/user/img-2.jpg]
[themesdesign.in/readxon/layouts/images/user/img-3.jpg]
[themesdesign.in/readxon/layouts/images/blog/img-1.jpg]
[themesdesign.in/readxon/layouts/images/blog/img-2.jpg]
[themesdesign.in/readxon/layouts/images/blog/img-3.jpg]
[themesdesign.in/readxon/layouts/images/client-logo/img-1.png]
[themesdesign.in/readxon/layouts/images/client-logo/img-2.png]
[themesdesign.in/readxon/layouts/images/client-logo/img-3.png]
[themesdesign.in/readxon/layouts/images/client-logo/img-4.png]
[themesdesign.in/readxon/layouts/images/client-logo/img-5.png]
[themesdesign.in/readxon/layouts/images/client-logo/img-6.png]
[themesdesign.in/readxon/layouts/js/jquery.min.js]
[themesdesign.in/readxon/layouts/js/bootstrap.bundle.min.js]
[themesdesign.in/readxon/layouts/js/jquery.easing.min.js]
[themesdesign.in/readxon/layouts/js/scrollspy.min.js]
[themesdesign.in/readxon/layouts/js/jquery.magnific-popup.min.js]
[themesdesign.in/readxon/layouts/js/owl.carousel.min.js]
[themesdesign.in/readxon/layouts/js/contact.init.js]
[themesdesign.in/readxon/layouts/js/jquery.mb.YTPlayer.js]
[themesdesign.in/readxon/layouts/js/particles.js]
[themesdesign.in/readxon/layouts/js/particles.app.js]
[themesdesign.in/readxon/layouts/js/app.js]
[themesdesign.in/readxon/layouts/index-6.html]
[themesdesign.in/readxon/layouts/css/magnific-popup.css]
[themesdesign.in/readxon/layouts/css/bootstrap.min.css]
[themesdesign.in/readxon/layouts/fonts/materialdesignicons-webfont772b.eot]
[themesdesign.in/readxon/layouts/fonts/materialdesignicons-webfontd41d.eot]
[themesdesign.in/readxon/layouts/fonts/materialdesignicons-webfont772b.woff2]
[themesdesign.in/readxon/layouts/fonts/materialdesignicons-webfont772b.woff]
[themesdesign.in/readxon/layouts/fonts/materialdesignicons-webfont772b.ttf]
[themesdesign.in/readxon/layouts/css/materialdesignicons.min.css]
[themesdesign.in/readxon/layouts/fonts/Pe-icon-7-strokebb1d.eot]
[themesdesign.in/readxon/layouts/fonts/Pe-icon-7-stroked41d.eot]
[themesdesign.in/readxon/layouts/fonts/Pe-icon-7-strokebb1d.woff]
[themesdesign.in/readxon/layouts/fonts/Pe-icon-7-strokebb1d.ttf]
[themesdesign.in/readxon/layouts/css/Pe-icon-7-stroke.css]
[themesdesign.in/readxon/layouts/css/owl.carousel.css]
[themesdesign.in/readxon/layouts/css/owl.theme.css]
[themesdesign.in/readxon/layouts/css/owl.transitions.css]
[themesdesign.in/readxon/layouts/images/bg.jpg]
[themesdesign.in/readxon/layouts/images/bg-1.jpg]
[themesdesign.in/readxon/layouts/images/bg-3.jpg]
[themesdesign.in/readxon/layouts/images/bg-4.jpg]
[themesdesign.in/readxon/layouts/images/bg-2.jpg]
[themesdesign.in/readxon/layouts/css/style.css]
[themesdesign.in/readxon/layouts/images/mouse-down.png]
[themesdesign.in/readxon/layouts/index-1.html]
[themesdesign.in/readxon/layouts/fonts/materialdesignicons-webfont772b.svg]
[themesdesign.in/readxon/layouts/fonts/Pe-icon-7-strokebb1d.svg]
[themesdesign.in/readxon/layouts/css/AjaxLoader.html]
[themesdesign.in/readxon/layouts/images/bg-client.html]
